WARNING:   Stepsize is 0.000000000000000e+00
ERROR:  Division by zero
->ERROR:  Abnormal termination due to TQ factorisation
  ->ERROR:  Determination of step direction failed
    ->ERROR:  Abnormal termination due to TQ factorisation
      ->ERROR:  Initialisation failed! QP could not be solved!
WARNING:   Stepsize is 0.000000000000000e+00
WARNING:   Stepsize is 0.000000000000000e+00
WARNING:   Stepsize is 0.000000000000000e+00
WARNING:   Stepsize is 0.000000000000000e+00
WARNING:   Stepsize is 0.000000000000000e+00
WARNING:   Stepsize is 0.000000000000000e+00
WARNING:   Stepsize is 0.000000000000000e+00
WARNING:   Stepsize is 0.000000000000000e+00
WARNING:   Stepsize is 0.000000000000000e+00
WARNING:   Stepsize is 0.000000000000000e+00
WARNING:   Stepsize is 0.000000000000000e+00
WARNING:   Stepsize is 0.000000000000000e+00
WARNING:   Stepsize is 0.000000000000000e+00
WARNING:   Stepsize is 0.000000000000000e+00
WARNING:   Stepsize is 0.000000000000000e+00
WARNING:   Stepsize is 0.000000000000000e+00
WARNING:   Stepsize is 0.000000000000000e+00
WARNING:   Stepsize is 0.000000000000000e+00
WARNING:   Stepsize is 0.000000000000000e+00
WARNING:   Stepsize is 0.000000000000000e+00
WARNING:   Stepsize is 0.000000000000000e+00
WARNING:   Stepsize is 0.000000000000000e+00
WARNING:   Stepsize is 0.000000000000000e+00
WARNING:   Stepsize is 0.000000000000000e+00
WARNING:   Stepsize is 0.000000000000000e+00
WARNING:   Stepsize is 0.000000000000000e+00
WARNING:   Stepsize is 0.000000000000000e+00
WARNING:   Stepsize is 0.000000000000000e+00
WARNING:   Stepsize is 0.000000000000000e+00
WARNING:   Stepsize is 0.000000000000000e+00
WARNING:   Stepsize is 0.000000000000000e+00
WARNING:   Stepsize is 0.000000000000000e+00
WARNING:   Stepsize is 0.000000000000000e+00
WARNING:   Stepsize is 0.000000000000000e+00
WARNING:   Stepsize is 0.000000000000000e+00
WARNING:   Stepsize is 0.000000000000000e+00
WARNING:   Stepsize is 0.000000000000000e+00
WARNING:   Stepsize is 0.000000000000000e+00
WARNING:   Stepsize is 0.000000000000000e+00
WARNING:   Stepsize is 0.000000000000000e+00
WARNING:   Stepsize is 0.000000000000000e+00
WARNING:   Stepsize is 0.000000000000000e+00
WARNING:   Stepsize is 0.000000000000000e+00
WARNING:   Stepsize is 0.000000000000000e+00
WARNING:   Stepsize is 0.000000000000000e+00
WARNING:   Stepsize is 0.000000000000000e+00
WARNING:   Stepsize is 0.000000000000000e+00
WARNING:   Stepsize is 0.000000000000000e+00
WARNING:   Stepsize is 0.000000000000000e+00
WARNING:   Stepsize is 0.000000000000000e+00
WARNING:   Stepsize is 0.000000000000000e+00
WARNING:   Stepsize is 0.000000000000000e+00
WARNING:   Stepsize is 0.000000000000000e+00
WARNING:   Stepsize is 0.000000000000000e+00
WARNING:   Stepsize is 0.000000000000000e+00
WARNING:   Stepsize is 0.000000000000000e+00
WARNING:   Stepsize is 0.000000000000000e+00
WARNING:   Stepsize is 0.000000000000000e+00
ERROR:  Division by zero
->ERROR:  Abnormal termination due to TQ factorisation
  ->ERROR:  Determination of step direction failed
    ->ERROR:  Abnormal termination due to TQ factorisation
      ->ERROR:  Initialisation failed! QP could not be solved!
ERROR:  Division by zero
WARNING:   Stepsize is 0.000000000000000e+00
WARNING:   Stepsize is 0.000000000000000e+00
WARNING:   Stepsize is 0.000000000000000e+00
WARNING:   Stepsize is 0.000000000000000e+00
WARNING:   Stepsize is 0.000000000000000e+00
WARNING:   Stepsize is 0.000000000000000e+00
WARNING:   Stepsize is 0.000000000000000e+00
WARNING:   Stepsize is 0.000000000000000e+00
WARNING:   Stepsize is 0.000000000000000e+00
WARNING:   Stepsize is 0.000000000000000e+00
WARNING:   Stepsize is 0.000000000000000e+00
WARNING:   Stepsize is 0.000000000000000e+00
ERROR:  Division by zero
->ERROR:  Abnormal termination due to TQ factorisation
  ->ERROR:  Determination of step direction failed
    ->ERROR:  Abnormal termination due to TQ factorisation
      ->ERROR:  Initialisation failed! QP could not be solved!
WARNING:   Stepsize is 0.000000000000000e+00
WARNING:   Stepsize is 0.000000000000000e+00
WARNING:   Stepsize is 0.00